------------------------------------------------------------
TimeQuest Timing Analyzer Summary
------------------------------------------------------------

Type  : Slow 1100mV 85C Model Setup 'CLOCK_50'
Slack : 12.437
TNS   : 0.000

Type  : Slow 1100mV 85C Model Hold 'CLOCK_50'
Slack : 0.374
TNS   : 0.000

Type  : Slow 1100mV 85C Model Minimum Pulse Width 'CLOCK_50'
Slack : 9.400
TNS   : 0.000

Type  : Slow 1100mV 0C Model Setup 'CLOCK_50'
Slack : 12.467
TNS   : 0.000

Type  : Slow 1100mV 0C Model Hold 'CLOCK_50'
Slack : 0.393
TNS   : 0.000

Type  : Slow 1100mV 0C Model Minimum Pulse Width 'CLOCK_50'
Slack : 9.327
TNS   : 0.000

Type  : Fast 1100mV 85C Model Setup 'CLOCK_50'
Slack : 15.736
TNS   : 0.000

Type  : Fast 1100mV 85C Model Hold 'CLOCK_50'
Slack : 0.181
TNS   : 0.000

Type  : Fast 1100mV 85C Model Minimum Pulse Width 'CLOCK_50'
Slack : 9.406
TNS   : 0.000

Type  : Fast 1100mV 0C Model Setup 'CLOCK_50'
Slack : 16.070
TNS   : 0.000

Type  : Fast 1100mV 0C Model Hold 'CLOCK_50'
Slack : 0.172
TNS   : 0.000

Type  : Fast 1100mV 0C Model Minimum Pulse Width 'CLOCK_50'
Slack : 9.409
TNS   : 0.000

------------------------------------------------------------
